{
    "homo_sapiens - sentieon - stub": {
        "content": [
            {
                "0": [
                    [
                        {
                            "id": "test",
                            "strandedness": "forward"
                        },
                        "test.genes.results:md5,d41d8cd98f00b204e9800998ecf8427e"
                    ]
                ],
                "1": [
                    [
                        {
                            "id": "test",
                            "strandedness": "forward"
                        },
                        "test.isoforms.results:md5,d41d8cd98f00b204e9800998ecf8427e"
                    ]
                ],
                "2": [
                    [
                        {
                            "id": "test",
                            "strandedness": "forward"
                        },
                        "test.stat:md5,d41d8cd98f00b204e9800998ecf8427e"
                    ]
                ],
                "3": [
                    [
                        {
                            "id": "test",
                            "strandedness": "forward"
                        },
                        "test.log:md5,d41d8cd98f00b204e9800998ecf8427e"
                    ]
                ],
                "4": [
                    "rsem.merged.gene_counts.tsv:md5,d41d8cd98f00b204e9800998ecf8427e"
                ],
                "5": [
                    "rsem.merged.gene_tpm.tsv:md5,d41d8cd98f00b204e9800998ecf8427e"
                ],
                "6": [
                    "rsem.merged.transcript_counts.tsv:md5,d41d8cd98f00b204e9800998ecf8427e"
                ],
                "7": [
                    "rsem.merged.transcript_tpm.tsv:md5,d41d8cd98f00b204e9800998ecf8427e"
                ],
                "8": [
                    "versions.yml:md5,2aa5252eb2ffb409cf556a165d40f8a9",
                    "versions.yml:md5,773c15c4ecb7d486a4bdd8ef73e7ac5d"
                ],
                "counts_gene": [
                    [
                        {
                            "id": "test",
                            "strandedness": "forward"
                        },
                        "test.genes.results:md5,d41d8cd98f00b204e9800998ecf8427e"
                    ]
                ],
                "counts_transcript": [
                    [
                        {
                            "id": "test",
                            "strandedness": "forward"
                        },
                        "test.isoforms.results:md5,d41d8cd98f00b204e9800998ecf8427e"
                    ]
                ],
                "logs": [
                    [
                        {
                            "id": "test",
                            "strandedness": "forward"
                        },
                        "test.log:md5,d41d8cd98f00b204e9800998ecf8427e"
                    ]
                ],
                "merged_counts_gene": [
                    "rsem.merged.gene_counts.tsv:md5,d41d8cd98f00b204e9800998ecf8427e"
                ],
                "merged_counts_transcript": [
                    "rsem.merged.transcript_counts.tsv:md5,d41d8cd98f00b204e9800998ecf8427e"
                ],
                "merged_tpm_gene": [
                    "rsem.merged.gene_tpm.tsv:md5,d41d8cd98f00b204e9800998ecf8427e"
                ],
                "merged_tpm_transcript": [
                    "rsem.merged.transcript_tpm.tsv:md5,d41d8cd98f00b204e9800998ecf8427e"
                ],
                "stat": [
                    [
                        {
                            "id": "test",
                            "strandedness": "forward"
                        },
                        "test.stat:md5,d41d8cd98f00b204e9800998ecf8427e"
                    ]
                ],
                "versions": [
                    "versions.yml:md5,2aa5252eb2ffb409cf556a165d40f8a9",
                    "versions.yml:md5,773c15c4ecb7d486a4bdd8ef73e7ac5d"
                ]
            }
        ],
        "meta": {
            "nf-test": "0.9.2",
            "nextflow": "25.04.6"
        },
        "timestamp": "2025-09-15T16:59:19.581004"
    },
    "homo_sapiens - stub": {
        "content": [
            {
                "0": [
                    [
                        {
                            "id": "test",
                            "strandedness": "forward"
                        },
                        "test.genes.results:md5,d41d8cd98f00b204e9800998ecf8427e"
                    ]
                ],
                "1": [
                    [
                        {
                            "id": "test",
                            "strandedness": "forward"
                        },
                        "test.isoforms.results:md5,d41d8cd98f00b204e9800998ecf8427e"
                    ]
                ],
                "2": [
                    [
                        {
                            "id": "test",
                            "strandedness": "forward"
                        },
                        "test.stat:md5,d41d8cd98f00b204e9800998ecf8427e"
                    ]
                ],
                "3": [
                    [
                        {
                            "id": "test",
                            "strandedness": "forward"
                        },
                        "test.log:md5,d41d8cd98f00b204e9800998ecf8427e"
                    ]
                ],
                "4": [
                    "rsem.merged.gene_counts.tsv:md5,d41d8cd98f00b204e9800998ecf8427e"
                ],
                "5": [
                    "rsem.merged.gene_tpm.tsv:md5,d41d8cd98f00b204e9800998ecf8427e"
                ],
                "6": [
                    "rsem.merged.transcript_counts.tsv:md5,d41d8cd98f00b204e9800998ecf8427e"
                ],
                "7": [
                    "rsem.merged.transcript_tpm.tsv:md5,d41d8cd98f00b204e9800998ecf8427e"
                ],
                "8": [
                    "versions.yml:md5,2aa5252eb2ffb409cf556a165d40f8a9",
                    "versions.yml:md5,ae1676b60b6335fff8f1188288103a1c"
                ],
                "counts_gene": [
                    [
                        {
                            "id": "test",
                            "strandedness": "forward"
                        },
                        "test.genes.results:md5,d41d8cd98f00b204e9800998ecf8427e"
                    ]
                ],
                "counts_transcript": [
                    [
                        {
                            "id": "test",
                            "strandedness": "forward"
                        },
                        "test.isoforms.results:md5,d41d8cd98f00b204e9800998ecf8427e"
                    ]
                ],
                "logs": [
                    [
                        {
                            "id": "test",
                            "strandedness": "forward"
                        },
                        "test.log:md5,d41d8cd98f00b204e9800998ecf8427e"
                    ]
                ],
                "merged_counts_gene": [
                    "rsem.merged.gene_counts.tsv:md5,d41d8cd98f00b204e9800998ecf8427e"
                ],
                "merged_counts_transcript": [
                    "rsem.merged.transcript_counts.tsv:md5,d41d8cd98f00b204e9800998ecf8427e"
                ],
                "merged_tpm_gene": [
                    "rsem.merged.gene_tpm.tsv:md5,d41d8cd98f00b204e9800998ecf8427e"
                ],
                "merged_tpm_transcript": [
                    "rsem.merged.transcript_tpm.tsv:md5,d41d8cd98f00b204e9800998ecf8427e"
                ],
                "stat": [
                    [
                        {
                            "id": "test",
                            "strandedness": "forward"
                        },
                        "test.stat:md5,d41d8cd98f00b204e9800998ecf8427e"
                    ]
                ],
                "versions": [
                    "versions.yml:md5,2aa5252eb2ffb409cf556a165d40f8a9",
                    "versions.yml:md5,ae1676b60b6335fff8f1188288103a1c"
                ]
            }
        ],
        "meta": {
            "nf-test": "0.9.2",
            "nextflow": "25.04.6"
        },
        "timestamp": "2025-09-15T16:56:01.229068"
    },
    "homo_sapiens": {
        "content": [
            [
                [
                    {
                        "id": "test",
                        "strandedness": "forward"
                    },
                    "test.genes.results:md5,c7ec226f76736ea805771e73553ae359"
                ]
            ],
            [
                [
                    {
                        "id": "test",
                        "strandedness": "forward"
                    },
                    "test.isoforms.results:md5,99f7f80aa505b44ca429fdebbd7dd5d8"
                ]
            ],
            [
                [
                    {
                        "id": "test",
                        "strandedness": "forward"
                    },
                    [
                        "test.cnt:md5,76249e6b2f3c104f414aae596ba2c2f4",
                        "test.model:md5,a7a4bc1734918ef5848604e3362b83e2",
                        "test.theta:md5,de2e4490c98cc5383a86ae8225fd0a28"
                    ]
                ]
            ],
            [
                "rsem.merged.gene_counts.tsv:md5,f3b586000c97c89aec45360772e73df1"
            ],
            [
                "rsem.merged.gene_tpm.tsv:md5,e6ae3dfa9913a7c15b705ec27c376212"
            ],
            [
                "rsem.merged.transcript_counts.tsv:md5,235c002b811360183494a2aac74d1f5b"
            ],
            [
                "rsem.merged.transcript_tpm.tsv:md5,d38f22667e3b8012f1d783b8d5159ccc"
            ],
            [
                "versions.yml:md5,2aa5252eb2ffb409cf556a165d40f8a9",
                "versions.yml:md5,ae1676b60b6335fff8f1188288103a1c"
            ]
        ],
        "meta": {
            "nf-test": "0.9.2",
            "nextflow": "25.04.3"
        },
        "timestamp": "2025-09-16T08:19:00.078928064"
    }
}